// Jest Snapshot v1, https://goo.gl/fbAQLP

exports[`<App /> should match snapshot 1`] = `
<div
  className="MuiContainer-root MuiContainer-maxWidthXl"
>
  <div
    className="MuiBox-root MuiBox-root-9"
  >
    <div
      className="App"
    >
      <div
        className="makeStyles-root-10"
      >
        <header
          className="MuiPaper-root MuiPaper-elevation4 MuiAppBar-root MuiAppBar-positionFixed makeStyles-appbar-11 MuiAppBar-colorDefault mui-fixed"
        >
          <div
            className="MuiToolbar-root MuiToolbar-regular MuiToolbar-gutters"
          >
            <h6
              className="MuiTypography-root MuiTypography-h6 MuiTypography-colorInherit"
            >
              Astronomy Picture of the Day
            </h6>
            <div
              className="MuiFormGroup-root makeStyles-form-85"
            >
              <form
                className="makeStyles-container-82"
                noValidate={true}
              >
                <div
                  className="MuiFormControl-root MuiTextField-root makeStyles-textField-83"
                >
                  <label
                    className="MuiFormLabel-root MuiInputLabel-root MuiInputLabel-formControl MuiInputLabel-animated MuiInputLabel-shrink"
                    data-shrink={true}
                    htmlFor="date"
                  >
                    Date
                  </label>
                  <div
                    className="MuiInputBase-root MuiInput-root MuiInput-underline MuiInputBase-formControl MuiInput-formControl"
                    onClick={[Function]}
                  >
                    <input
                      aria-invalid={false}
                      className="MuiInputBase-input MuiInput-input"
                      disabled={false}
                      id="date"
                      onBlur={[Function]}
                      onChange={[Function]}
                      onFocus={[Function]}
                      required={false}
                      type="date"
                    />
                  </div>
                </div>
              </form>
              <button
                className="MuiButtonBase-root MuiButton-root makeStyles-button-84 MuiButton-contained MuiButton-containedPrimary"
                disabled={false}
                onBlur={[Function]}
                onClick={[Function]}
                onDragLeave={[Function]}
                onFocus={[Function]}
                onKeyDown={[Function]}
                onKeyUp={[Function]}
                onMouseDown={[Function]}
                onMouseLeave={[Function]}
                onMouseUp={[Function]}
                onTouchEnd={[Function]}
                onTouchMove={[Function]}
                onTouchStart={[Function]}
                tabIndex={0}
                type="button"
              >
                <span
                  className="MuiButton-label"
                >
                  Back to Today
                </span>
              </button>
            </div>
          </div>
        </header>
      </div>
      <div
        className="loader"
      >
        <div
          className="css-1ve7nm7-wrapper-wrapper"
        >
          <div
            className="css-1vgk9mw-style"
          />
          <div
            className="css-192gfu-style"
          />
        </div>
      </div>
    </div>
  </div>
</div>
`;
